当前日期: 2020/05/10 周日 
输入新日期: (年月日) 
当前时间: 11:31:31.77
输入新时间: 

主机名:           LAPTOP-76JKH4EI
OS 名称:          Microsoft Windows 10 家庭中文版
OS 版本:          10.0.18363 暂缺 Build 18363
OS 制造商:        Microsoft Corporation
OS 配置:          独立工作站
OS 构件类型:      Multiprocessor Free
注册的所有人:     HP
注册的组织:       HP
产品 ID:          00342-30262-00002-AAOEM
初始安装日期:     2019/12/14, 18:53:42
系统启动时间:     2020/5/3, 22:02:17
系统制造商:       HP
系统型号:         HP Pavilion Power Laptop 15-cb0xx
系统类型:         x64-based PC
处理器:           安装了 1 个处理器。
                  [01]: Intel64 Family 6 Model 158 Stepping 9 GenuineIntel ~2496 Mhz
BIOS 版本:        Insyde F.06, 2017/5/23
Windows 目录:     C:\WINDOWS
系统目录:         C:\WINDOWS\system32
启动设备:         \Device\HarddiskVolume1
系统区域设置:     zh-cn;中文(中国)
输入法区域设置:   zh-cn;中文(中国)
时区:             (UTC+08:00) 北京，重庆，香港特别行政区，乌鲁木齐
物理内存总量:     8,077 MB
可用的物理内存:   3,426 MB
虚拟内存: 最大值: 12,685 MB
虚拟内存: 可用:   4,723 MB
虚拟内存: 使用中: 7,962 MB
页面文件位置:     C:\pagefile.sys
域:               WORKGROUP
登录服务器:       \\LAPTOP-76JKH4EI
修补程序:         安装了 10 个修补程序。
                  [01]: KB4534132
                  [02]: KB4516115
                  [03]: KB4517245
                  [04]: KB4524569
                  [05]: KB4528759
                  [06]: KB4537759
                  [07]: KB4538674
                  [08]: KB4541338
                  [09]: KB4552152
                  [10]: KB4549951
网卡:             安装了 5 个 NIC。
                  [01]: Realtek PCIe GBE Family Controller
                      连接名:      以太网
                      状态:        媒体连接已中断
                  [02]: Sangfor SSL VPN CS Support System VNIC
                      连接名:      以太网 2
                      状态:        媒体连接已中断
                  [03]: VMware Virtual Ethernet Adapter for VMnet1
                      连接名:      VMware Network Adapter VMnet1
                      启用 DHCP:   否
                      IP 地址
                        [01]: 192.168.137.1
                        [02]: fe80::d0aa:f5d:4928:1c28
                  [04]: VMware Virtual Ethernet Adapter for VMnet8
                      连接名:      VMware Network Adapter VMnet8
                      启用 DHCP:   是
                      DHCP 服务器: 192.168.197.254
                      IP 地址
                        [01]: 192.168.197.1
                        [02]: fe80::e855:272a:8b97:59b1
                  [05]: Intel(R) Dual Band Wireless-AC 7265
                      连接名:      WLAN
                      启用 DHCP:   是
                      DHCP 服务器: 192.168.0.1
                      IP 地址
                        [01]: 192.168.0.103
                        [02]: fe80::644e:aade:5e0e:fb7f
Hyper-V 要求:     虚拟机监视器模式扩展: 是
                  固件中已启用虚拟化: 是
                  二级地址转换: 是
                  数据执行保护可用: 是

Volume: \\?\Volume{b133fd7e-6523-48fc-bae0-79417fee4b7d}\
   Mounted at: C:\
   Extent [1]:
       Disk:   0
       Offset: 290455552
       Length: 267117395968
Volume: \\?\Volume{04a872dd-c57a-466b-8ddb-ebe158e833ff}\
   Mounted at: <unmounted>
   Extent [1]:
       Disk:   0
       Offset: 267407851520
       Length: 1027604480
Volume: \\?\Volume{06a468ed-48b4-458f-9b0c-0f46b019f697}\
   Mounted at: D:\
   Extent [1]:
       Disk:   0
       Offset: 268435456000
       Length: 718592278528
Volume: \\?\Volume{bb76dcc8-6828-42fd-a76e-d7256147eee1}\
   Mounted at: E:\
   Extent [1]:
       Disk:   0
       Offset: 987027734528
       Length: 13170114560
Volume: \\?\Volume{08ceab59-5902-4d49-9cbf-0113a6dd0f47}\
   Mounted at: <unmounted>
   Error getting extents
拒绝访问。

Windows IP 配置

   主机名  . . . . . . . . . . . . . : LAPTOP-76JKH4EI
   主 DNS 后缀 . . . . . . . . . . . : 
   节点类型  . . . . . . . . . . . . : 混合
   IP 路由已启用 . . . . . . . . . . : 否
   WINS 代理已启用 . . . . . . . . . : 否

以太网适配器 以太网:

   媒体状态  . . . . . . . . . . . . : 媒体已断开连接
   连接特定的 DNS 后缀 . . . . . . . : 
   描述. . . . . . . . . . . . . . . : Realtek PCIe GBE Family Controller
   物理地址. . . . . . . . . . . . . : F4-30-B9-89-83-EC
   DHCP 已启用 . . . . . . . . . . . : 是
   自动配置已启用. . . . . . . . . . : 是

以太网适配器 以太网 2:

   媒体状态  . . . . . . . . . . . . : 媒体已断开连接
   连接特定的 DNS 后缀 . . . . . . . : 
   描述. . . . . . . . . . . . . . . : Sangfor SSL VPN CS Support System VNIC
   物理地址. . . . . . . . . . . . . : 00-FF-09-37-B9-01
   DHCP 已启用 . . . . . . . . . . . : 否
   自动配置已启用. . . . . . . . . . : 是

无线局域网适配器 本地连接* 2:

   媒体状态  . . . . . . . . . . . . : 媒体已断开连接
   连接特定的 DNS 后缀 . . . . . . . : 
   描述. . . . . . . . . . . . . . . : Microsoft Wi-Fi Direct Virtual Adapter #3
   物理地址. . . . . . . . . . . . . : E4-42-A6-36-9D-AF
   DHCP 已启用 . . . . . . . . . . . : 是
   自动配置已启用. . . . . . . . . . : 是

无线局域网适配器 本地连接* 3:

   媒体状态  . . . . . . . . . . . . : 媒体已断开连接
   连接特定的 DNS 后缀 . . . . . . . : 
   描述. . . . . . . . . . . . . . . : Microsoft Wi-Fi Direct Virtual Adapter #4
   物理地址. . . . . . . . . . . . . : E6-42-A6-36-9D-AE
   DHCP 已启用 . . . . . . . . . . . : 是
   自动配置已启用. . . . . . . . . . : 是

以太网适配器 VMware Network Adapter VMnet1:

   连接特定的 DNS 后缀 . . . . . . . : 
   描述. . . . . . . . . . . . . . . : VMware Virtual Ethernet Adapter for VMnet1
   物理地址. . . . . . . . . . . . . : 00-50-56-C0-00-01
   DHCP 已启用 . . . . . . . . . . . : 否
   自动配置已启用. . . . . . . . . . : 是
   本地链接 IPv6 地址. . . . . . . . : fe80::d0aa:f5d:4928:1c28%6(首选) 
   IPv4 地址 . . . . . . . . . . . . : 192.168.137.1(首选) 
   子网掩码  . . . . . . . . . . . . : 255.255.255.0
   默认网关. . . . . . . . . . . . . : 
   DHCPv6 IAID . . . . . . . . . . . : 788549718
   DHCPv6 客户端 DUID  . . . . . . . : 00-01-00-01-20-CC-A9-D3-F4-30-B9-89-83-EC
   DNS 服务器  . . . . . . . . . . . : fec0:0:0:ffff::1%1
                                       fec0:0:0:ffff::2%1
                                       fec0:0:0:ffff::3%1
   TCPIP 上的 NetBIOS  . . . . . . . : 已启用

以太网适配器 VMware Network Adapter VMnet8:

   连接特定的 DNS 后缀 . . . . . . . : 
   描述. . . . . . . . . . . . . . . : VMware Virtual Ethernet Adapter for VMnet8
   物理地址. . . . . . . . . . . . . : 00-50-56-C0-00-08
   DHCP 已启用 . . . . . . . . . . . : 是
   自动配置已启用. . . . . . . . . . : 是
   本地链接 IPv6 地址. . . . . . . . : fe80::e855:272a:8b97:59b1%2(首选) 
   IPv4 地址 . . . . . . . . . . . . : 192.168.197.1(首选) 
   子网掩码  . . . . . . . . . . . . : 255.255.255.0
   获得租约的时间  . . . . . . . . . : 2020年5月10日 9:47:55
   租约过期的时间  . . . . . . . . . : 2020年5月10日 11:47:55
   默认网关. . . . . . . . . . . . . : 
   DHCP 服务器 . . . . . . . . . . . : 192.168.197.254
   DHCPv6 IAID . . . . . . . . . . . : 805326934
   DHCPv6 客户端 DUID  . . . . . . . : 00-01-00-01-20-CC-A9-D3-F4-30-B9-89-83-EC
   DNS 服务器  . . . . . . . . . . . : fec0:0:0:ffff::1%1
                                       fec0:0:0:ffff::2%1
                                       fec0:0:0:ffff::3%1
   主 WINS 服务器  . . . . . . . . . : 192.168.197.2
   TCPIP 上的 NetBIOS  . . . . . . . : 已启用

无线局域网适配器 WLAN:

   连接特定的 DNS 后缀 . . . . . . . : 
   描述. . . . . . . . . . . . . . . : Intel(R) Dual Band Wireless-AC 7265
   物理地址. . . . . . . . . . . . . : E4-42-A6-36-9D-AE
   DHCP 已启用 . . . . . . . . . . . : 是
   自动配置已启用. . . . . . . . . . : 是
   本地链接 IPv6 地址. . . . . . . . : fe80::644e:aade:5e0e:fb7f%16(首选) 
   IPv4 地址 . . . . . . . . . . . . : 192.168.0.103(首选) 
   子网掩码  . . . . . . . . . . . . : 255.255.255.0
   获得租约的时间  . . . . . . . . . : 2020年5月10日 9:48:08
   租约过期的时间  . . . . . . . . . : 2020年5月10日 13:16:31
   默认网关. . . . . . . . . . . . . : 192.168.0.1
   DHCP 服务器 . . . . . . . . . . . : 192.168.0.1
   DHCPv6 IAID . . . . . . . . . . . : 669270694
   DHCPv6 客户端 DUID  . . . . . . . : 00-01-00-01-20-CC-A9-D3-F4-30-B9-89-83-EC
   DNS 服务器  . . . . . . . . . . . : 192.168.1.1
                                       192.168.0.1
   TCPIP 上的 NetBIOS  . . . . . . . : 已启用

===========================================================================
接口列表
 15...f4 30 b9 89 83 ec ......Realtek PCIe GBE Family Controller
  5...00 ff 09 37 b9 01 ......Sangfor SSL VPN CS Support System VNIC
 21...e4 42 a6 36 9d af ......Microsoft Wi-Fi Direct Virtual Adapter #3
 11...e6 42 a6 36 9d ae ......Microsoft Wi-Fi Direct Virtual Adapter #4
  6...00 50 56 c0 00 01 ......VMware Virtual Ethernet Adapter for VMnet1
  2...00 50 56 c0 00 08 ......VMware Virtual Ethernet Adapter for VMnet8
 16...e4 42 a6 36 9d ae ......Intel(R) Dual Band Wireless-AC 7265
  1...........................Software Loopback Interface 1
===========================================================================

IPv4 路由表
===========================================================================
活动路由:
网络目标        网络掩码          网关       接口   跃点数
          0.0.0.0          0.0.0.0      192.168.0.1    192.168.0.103     40
        127.0.0.0        255.0.0.0            在链路上         127.0.0.1    331
        127.0.0.1  255.255.255.255            在链路上         127.0.0.1    331
  127.255.255.255  255.255.255.255            在链路上         127.0.0.1    331
      192.168.0.0    255.255.255.0            在链路上     192.168.0.103    296
    192.168.0.103  255.255.255.255            在链路上     192.168.0.103    296
    192.168.0.255  255.255.255.255            在链路上     192.168.0.103    296
    192.168.137.0    255.255.255.0            在链路上     192.168.137.1    291
    192.168.137.1  255.255.255.255            在链路上     192.168.137.1    291
  192.168.137.255  255.255.255.255            在链路上     192.168.137.1    291
    192.168.197.0    255.255.255.0            在链路上     192.168.197.1    291
    192.168.197.1  255.255.255.255            在链路上     192.168.197.1    291
  192.168.197.255  255.255.255.255            在链路上     192.168.197.1    291
        224.0.0.0        240.0.0.0            在链路上         127.0.0.1    331
        224.0.0.0        240.0.0.0            在链路上     192.168.0.103    296
        224.0.0.0        240.0.0.0            在链路上     192.168.137.1    291
        224.0.0.0        240.0.0.0            在链路上     192.168.197.1    291
  255.255.255.255  255.255.255.255            在链路上         127.0.0.1    331
  255.255.255.255  255.255.255.255            在链路上     192.168.0.103    296
  255.255.255.255  255.255.255.255            在链路上     192.168.137.1    291
  255.255.255.255  255.255.255.255            在链路上     192.168.197.1    291
===========================================================================
永久路由:
  无

IPv6 路由表
===========================================================================
活动路由:
 接口跃点数网络目标                网关
  1    331 ::1/128                  在链路上
 16    296 fe80::/64                在链路上
  6    291 fe80::/64                在链路上
  2    291 fe80::/64                在链路上
 16    296 fe80::644e:aade:5e0e:fb7f/128
                                    在链路上
  6    291 fe80::d0aa:f5d:4928:1c28/128
                                    在链路上
  2    291 fe80::e855:272a:8b97:59b1/128
                                    在链路上
  1    331 ff00::/8                 在链路上
 16    296 ff00::/8                 在链路上
  6    291 ff00::/8                 在链路上
  2    291 ff00::/8                 在链路上
===========================================================================
永久路由:
  无

接口: 192.168.197.1 --- 0x2
  Internet 地址         物理地址              类型
  192.168.197.254       00-50-56-ff-fc-50     动态        
  192.168.197.255       ff-ff-ff-ff-ff-ff     静态        
  224.0.0.22            01-00-5e-00-00-16     静态        
  224.0.0.251           01-00-5e-00-00-fb     静态        
  224.0.0.252           01-00-5e-00-00-fc     静态        
  239.11.20.1           01-00-5e-0b-14-01     静态        
  239.255.255.250       01-00-5e-7f-ff-fa     静态        
  255.255.255.255       ff-ff-ff-ff-ff-ff     静态        

接口: 192.168.137.1 --- 0x6
  Internet 地址         物理地址              类型
  192.168.137.255       ff-ff-ff-ff-ff-ff     静态        
  224.0.0.22            01-00-5e-00-00-16     静态        
  224.0.0.251           01-00-5e-00-00-fb     静态        
  224.0.0.252           01-00-5e-00-00-fc     静态        
  239.11.20.1           01-00-5e-0b-14-01     静态        
  239.255.255.250       01-00-5e-7f-ff-fa     静态        

接口: 192.168.0.103 --- 0x10
  Internet 地址         物理地址              类型
  192.168.0.1           50-bd-5f-8c-28-a2     动态        
  192.168.0.255         ff-ff-ff-ff-ff-ff     静态        
  224.0.0.22            01-00-5e-00-00-16     静态        
  224.0.0.251           01-00-5e-00-00-fb     静态        
  224.0.0.252           01-00-5e-00-00-fc     静态        
  239.11.20.1           01-00-5e-0b-14-01     静态        
  255.255.255.255       ff-ff-ff-ff-ff-ff     静态        

Process information for LAPTOP-76JKH4EI:

Name                Pid Pri Thd  Hnd   Priv        CPU Time    Elapsed Time 
Idle                  0   0   4    0     60   165:49:46.265   157:30:20.901
System                4   8 182 7558    244     4:04:01.296   157:30:20.901
Registry            104   8   4    0  13512     0:00:09.953   157:30:28.371
smss                444  11   3   56   1204     0:00:00.375   157:30:20.883
csrss               660  13  12  939   1984     0:00:23.781   157:29:58.700
wininit             760  13   2  170   1736     0:00:00.203   157:29:57.378
services            832   9  12  893   7560     0:06:43.593   157:29:57.304
lsass               840   9  10 1893  10000     0:02:31.515   157:29:57.245
svchost              68   8   2   86    972     0:00:00.078   157:29:56.763
fontdrvhost         476   8   6   32   2152     0:00:00.031   157:29:56.748
WUDFHost            620  13  14  344  24992     0:00:01.390   157:29:56.724
svchost             968   8  21 1316  26204     0:05:56.171   157:29:56.710
svchost            1088   8  16 1560  26540     0:04:41.421   157:29:56.339
svchost            1136   8   8  438   4040     0:00:47.468   157:29:56.289
svchost            1320   8   3  164   2232     0:00:02.156   157:29:56.025
svchost            1328   8   9  293   2836     0:00:17.734   157:29:56.025
svchost            1444   8   4  258   2740     0:00:03.359   157:29:55.996
svchost            1452   8   3  163   2552     0:00:01.312   157:29:55.995
svchost            1548   8   2  126   1592     0:00:00.156   157:29:55.952
svchost            1620   8   3  269   2492     0:00:00.359   157:29:55.905
svchost            1632   8   2  161   1864     0:00:00.687   157:29:55.902
svchost            1652   8   6  134   1640     0:00:00.156   157:29:55.898
svchost            1756   8  13  439   8344     0:00:41.515   157:29:55.780
svchost            1844   8   3  233   4316     0:00:03.500   157:29:55.726
svchost            1872   8   8  460  17428     0:00:17.625   157:29:55.716
NVDisplay.Container  1932   8   8  287   4252     0:00:06.687   157:29:55.696
svchost            2000   8  12  603  12092     0:03:31.500   157:29:55.660
svchost            2012   8   3  224   2448     0:00:00.546   157:29:55.655
svchost            2020   8   3  184   2616     0:00:13.812   157:29:55.652
svchost            2028   8   7 2167   3124     0:00:17.187   157:29:55.647
svchost            1080   8   5  224   2056     0:00:01.078   157:29:55.641
svchost            1288   8   7  169   7096     0:01:27.156   157:29:55.635
svchost            1420   8   6  187   2352     0:00:02.234   157:29:55.634
svchost            2072   8   7  258 102960     0:53:25.015   157:29:55.606
svchost            2100   8   3  255   1344     0:00:01.765   157:29:55.601
Memory Compression  2240   8  46    0   2444     0:21:22.062   157:29:55.564
svchost            2324   8   6  192   2156     0:00:05.718   157:29:55.526
svchost            2332   8   8  237   2632     0:02:03.296   157:29:55.526
svchost            2456   8   6  224   2280     0:00:00.250   157:29:55.371
svchost            2468   8  15  425   6352     0:07:19.015   157:29:55.366
svchost            2556   8  15  319   4420     0:29:32.421   157:29:55.125
svchost            2564   8   3  235   2428     0:00:03.000   157:29:55.124
igfxCUIService     2596   8   3  171   1920     0:00:00.312   157:29:55.102
svchost            2672   8   3  186   1816     0:00:01.218   157:29:55.071
svchost            2680   8   6  153   1856     0:00:04.125   157:29:55.070
svchost            2756   8   9 2395   4020     0:01:09.156   157:29:55.046
svchost            2980   8  11  418   4300     0:00:59.421   157:29:54.751
RtkAudioService64  2368   8   5  211   2020     0:00:00.781   157:29:54.656
360rps             2792   8   6  169   1696     0:01:08.187   157:29:54.599
ZhuDongFangYu      3080   8  22  450  17688     0:01:10.500   157:29:54.598
svchost            3088   8   6  143   1892     0:00:02.750   157:29:54.596
svchost            3100   8  14  384   3328     0:00:08.531   157:29:54.586
svchost            3300   8   6  201   2404     0:00:43.859   157:29:54.468
svchost            3420   8  13  517   6396     0:00:38.015   157:29:54.231
svchost            3488   8   5  253   3596     0:00:00.734   157:29:53.816
spoolsv            3620   8   9  495   7696     0:00:03.359   157:29:53.349
svchost            3836   8  15  467  15856     0:02:50.343   157:29:51.960
wlanext            3976   8  10  410   4956     0:00:06.250   157:29:51.842
conhost            4032   8   3  118   6444     0:00:00.046   157:29:51.747
IntelCpHDCPSvc     3628   8   4  148   1516     0:00:00.078   157:29:51.481
svchost            3592   8   3  112   1288     0:00:00.093   157:29:51.480
svchost            3588   8  16  332   6660     0:00:14.156   157:29:51.480
svchost            3680   8  15  425  46572     0:10:28.453   157:29:51.480
svchost            3460   8   9  175   4208     0:00:00.234   157:29:51.476
esif_uf            2412  13   5  132   2888     0:00:08.359   157:29:51.476
svchost            1812   8   2  143   1432     0:00:00.218   157:29:51.475
ETDService         4108   8   3  111   1204     0:00:00.093   157:29:51.457
EvtEng             4136   8  19  341   5092     0:00:04.671   157:29:51.453
svchost            4200   8   9  349   8744     0:04:08.187   157:29:51.436
IpOverUsbSvc       4244   8   8  306  11948     0:00:00.656   157:29:51.420
lkads              4280   8  13  300   5640     0:00:02.203   157:29:51.417
niroco             4296   8  18  337   7368     0:00:04.640   157:29:51.412
niauth_daemon      4308   8   9  163   2056     0:00:01.000   157:29:51.411
nimxs              4316   8  12  291   5700     0:00:00.390   157:29:51.410
QQProtect          4348   8  19  481  18228     0:00:15.937   157:29:51.406
RegSrvc            4380   8   3  180   2056     0:00:00.093   157:29:51.394
SangforPromoteService  4400   8  13  468   8384     0:02:39.000   157:29:51.391
svchost            4416   8   6  329   6664     0:00:10.593   157:29:51.388
sqlwriter          4428   8   3  140   2048     0:00:00.109   157:29:51.385
vmnetdhcp          4464   8   3   87   7888     0:00:00.203   157:29:51.377
vmnat              4484   8   6  201   5284     0:00:02.343   157:29:51.374
ZeroConfigService  4512   8  13  340   5168     0:00:18.562   157:29:51.365
svchost            4536   8   4  211   2032     0:00:02.984   157:29:51.335
svchost            4568   8  20  554 201320     3:44:15.562   157:29:51.323
svchost            4576   8  10  208   2148     0:00:01.328   157:29:51.320
svchost            4624   8   7  418   5496     0:00:04.859   157:29:51.287
svchost            4640   8   9  295   3020     0:00:12.093   157:29:51.269
ibtsiva            4672   8   2   88   1332     0:00:00.109   157:29:51.250
svchost            4680   8   5  211   2052     0:00:00.156   157:29:51.249
svchost            4760   8   6  209   2420     0:00:02.375   157:29:51.216
dasHost            4932   8   3  136   1320     0:00:00.078   157:29:51.159
svchost            5020   8   2  132   1644     0:00:00.093   157:29:51.147
lkcitdl            5064   8  15  291   5732     0:00:02.625   157:29:51.131
lktsrv             5072   8  17  308   5964     0:00:47.359   157:29:51.131
nidmsrv            5084   8  15  292   5724     0:00:02.421   157:29:51.130
vmware-authd       5152   8   7  343   9500     0:11:12.703   157:29:51.080
svchost            5160   8  12  519 169652     0:02:50.859   157:29:51.079
IntelCpHeciSvc     5184   8   4  136   1436     0:00:00.062   157:29:51.075
vmware-usbarbitrator64  5204   8   4  224   2748     0:00:01.343   157:29:51.065
tagsrv             6112   8  37  431  10036     0:01:00.546   157:29:50.485
svchost            6220   8  15  411   3920     0:00:13.890   157:29:50.079
svchost            6512   8   5  168   1868     0:00:07.062   157:29:49.579
svchost            6632   8   2  168   1660     0:00:00.187   157:29:49.479
sqlceip            6844   6  13  589  36076     0:00:25.125   157:29:48.616
unsecapp           6948   8   4  145   1980     0:00:07.484   157:29:47.731
WmiPrvSE           7440   8  12  440  21672     0:00:47.078   157:29:41.698
vmware-hostd       7476   8  22  483  36912     0:00:15.640   157:29:41.532
dllhost            7780   8   5  203   3792     0:00:00.250   157:29:32.555
svchost            7940   8   5  195   2140     0:00:08.968   157:29:28.777
WmiPrvSE           8088   8  10  440  13028     3:30:03.218   157:29:25.785
svchost            4492   8   3  472   2256     0:00:55.765   157:29:05.980
svchost            8308   8   4  206   1884     0:00:00.187   157:29:05.420
svchost            8436   8   7  290   4248     0:00:32.468   157:29:04.435
svchost            8876   8  11  448   5604     0:00:11.250   157:29:00.187
svchost            3428   8   9  305   4512     0:00:11.000   157:28:14.175
svchost            9836   8   3  290   2804     0:00:00.781   157:28:08.665
SecurityHealthService 10916   8  28  698   6352     0:00:03.156   157:27:53.576
HPCommRecovery    11352   8   8  345  17064     0:00:02.984   157:27:27.255
HPSupportSolutionsFrameworkService 11456   8   4  402  31072     0:00:00.625   157:27:26.246
IAStorDataMgrSvc  11976   8   5  417  35420     0:00:05.953   157:27:09.564
jhi_service       12092   8   2  208   3716     0:00:00.156   157:27:09.012
svchost           10992   8   2  106   1364     0:00:01.156   157:27:02.128
SgrmBroker         4884   8   5   89   3892     0:00:04.296   157:26:43.942
svchost           10096   8   8  382   5664     0:00:22.734   157:26:40.829
hpqwmiex          11964   8   4  327   2108     0:00:00.437   157:26:39.862
svchost           11288   8   8  239   2936     0:00:01.093   157:26:19.225
svchost            1704   8   3  298   7532     0:00:04.343   157:19:17.329
svchost            8068   8   5  198   6360     0:00:00.187   157:19:17.031
svchost            6768   8  15  798  22028     0:04:52.984   157:19:11.017
svchost           13796   8   4  239   2992     0:02:14.500   157:19:03.053
svchost           13832   8  10  330   5816     0:03:10.546   157:19:02.367
svchost            2608   8   5  184   2104     0:00:01.140   156:45:17.399
svchost           13052   8   4  232   2944     0:00:00.656   146:55:39.433
svchost           15988   8  15  837  94284     0:02:11.281   141:30:45.752
csrss             14876  13  15  439   2172     0:01:26.593   132:42:20.266
vmware-vmx         4736   8   1  527  35988    60:59:31.921   121:31:20.358
svchost           12872   8   6  210   2436     0:00:00.921    61:26:39.388
svchost           28648   8   7  241   5540     0:00:01.375    36:52:22.403
svchost           17912   8   3  106   1332     0:00:00.046    36:08:56.320
svchost           19364   8   3  114   1996     0:00:00.062    27:00:54.262
PresentationFontCache 23820   8   5  243  29260     0:00:00.562    27:00:20.739
csrss              8812  13  14  760   2844     0:00:15.625    12:36:07.948
winlogon          21756  13   4  276   2492     0:00:00.171    12:36:07.188
dwm                2888  13  16  989 124584     0:01:45.093    12:36:06.219
fontdrvhost       17368   8   6   32   8652     0:00:07.984    12:36:06.189
svchost           12792   8   4  117   1360     0:00:00.031     1:44:51.592
esif_assist_64    22668   8   3   81   1372     0:00:00.125     1:44:48.876
ETDCtrl           22632  10  11  518   6740     0:00:00.546     1:44:48.836
NVDisplay.Container 20424   8  16  461  26528     0:00:01.703     1:44:47.541
ctfmon            12084  13   9  671  12012     0:00:20.250     1:44:47.531
sihost            23448   8  15  785  14392     0:00:09.078     1:44:47.275
svchost           24924   8  13  461   9056     0:00:14.546     1:44:47.044
svchost           10504   8   7  457   6692     0:00:00.906     1:44:47.023
taskhostw         22444   8   3  196   3936     0:00:00.062     1:44:47.020
taskhostw         16160   8   8  281   7600     0:00:01.484     1:44:46.657
igfxEM             5192   8   5  224   3848     0:00:00.218     1:44:45.734
explorer          28152   8 117 3231 118540     0:02:49.359     1:44:45.414
ChsIME             9344   8   2  155   1672     0:00:00.015     1:44:45.101
ETDTouch          15384  10   2  151   2356     0:00:00.000     1:44:44.127
ETDCtrlHelper     22796  10   1  152   2864     0:00:00.093     1:44:43.496
svchost           20776   8   7  318   3720     0:00:00.187     1:44:39.428
StartMenuExperienceHost  9944   8   9  669  45196     0:00:01.687     1:44:36.102
ECAgent           21104   8  16  472   8772     0:00:02.015     1:44:34.420
RuntimeBroker     20472   8   3  300   4280     0:00:00.359     1:44:32.037
360tray            1252   8 139 1887 212364     0:01:10.359     1:44:27.081
RuntimeBroker     23492   8  14  747  12160     0:00:02.890     1:44:26.166
YourPhone         15480   8  14  689  34408     0:00:00.562     1:44:23.299
SettingSyncHost   27104   6   6  443   6764     0:00:06.546     1:44:20.582
LockApp           26812   8  12  569  30536     0:00:00.859     1:44:17.965
RuntimeBroker     23088   8   5  338   6400     0:00:01.406     1:44:16.504
CoolSense         16848   6   2  204   2292     0:00:00.140     1:44:16.430
RuntimeBroker     12320   8   2  223   2832     0:00:00.265     1:44:11.647
SecurityHealthSystray 24260   8   1  155   1764     0:00:00.078     1:44:09.538
SearchUI          14936   8  53 1610 119036     0:00:08.546     1:44:07.117
360sd             27484   8  23  391  36356     0:00:01.453     1:44:06.770
360rp             14756   8  56  760 332608     0:00:42.953     1:44:04.642
HPAudioSwitch     10988   8  12  536  39992     0:00:01.718     1:43:46.444
ComputerZTray     15348   6  59  994  30528     0:00:59.750     1:43:46.428
nierserver        15312   8   5  346  58416     0:00:00.921     1:43:43.449
sesvc             23860   8   2  199   4068     0:00:00.109     1:43:43.096
nierserver        14276   8   5  369  51424     0:00:00.765     1:43:42.721
HPMSGSVC            504   8   2  198   1752     0:00:03.671     1:43:41.286
vmware-tray       17104   8   3  196   3808     0:00:00.125     1:43:34.693
SoftMgrLite       25980   8  29  560  29548     0:00:02.812     1:43:31.285
sesvc             23636   8  14  513   9884     0:00:01.343     1:43:21.410
ComputerZService  25708   6  14  502  14288     0:00:05.921     1:42:53.269
unsecapp          24704   8   3  135   2692     0:00:36.015     1:42:49.015
MobileDeviceSrv   17476   6   7  332   5988     0:00:00.562     1:42:47.006
svchost            9964   8   2  260   3032     0:00:00.093     1:42:47.005
Microsoft.Photos  15364   8  22 1489 136424     0:00:16.093     1:39:45.511
Video.UI          24360   8  27 1316 126084     0:00:28.453     1:39:45.460
RuntimeBroker     10640   8  29  708  15260     0:00:10.375     1:39:30.809
RuntimeBroker     23368   8  10  510   8836     0:00:01.093     1:39:30.156
360Newsld          2008   8   7  391  11252     0:00:01.015     1:39:00.981
WindowsInternal.ComposableShell.Experiences.TextInput.InputApp  2484   8  18  747  31392     0:00:04.125     1:38:55.015
SogouCloud         1408   8  22  578  15820     0:00:50.859     1:37:07.250
OfficeClickToRun  25208   8  22  842  39004     0:00:22.046     1:33:10.631
AppVShNotify      18612   8   1  157   1756     0:00:00.000     1:32:47.308
AppVShNotify      21816   8   1  162   1964     0:00:00.015     1:32:47.194
SearchIndexer     15424   8  33 1075  44140     0:00:18.125     1:31:16.641
svchost            6228   8   4  205   2480     0:00:00.046     1:31:16.293
wps               24712   8  86 1901  93136     0:00:16.281     1:10:58.554
ApplicationFrameHost 16060   8  14  603  24488     0:00:03.718     1:10:55.270
audiodg           15236   8  14  690  38132     0:01:10.531     1:10:48.991
wps               21312   8  50 1566 184340     0:00:09.562     1:10:34.484
wps               17320   8  35 1621 246032     0:00:47.203     1:10:34.306
wpscenter         18708   8   9  762  84516     0:01:03.781     1:10:30.081
wpscenter          2848   8  17  681  14172     0:00:08.531     1:10:29.561
cloudmusic        23852   8  39 1063 100000     0:00:38.968     1:07:38.015
cloudmusic        12992   8  21  374 161396     0:01:06.406     1:07:35.653
cloudmusic        25260   8  19  309 214264     0:01:25.203     1:07:34.960
HPWMISVC           7648   8   3  193   1708     0:00:00.078     0:49:19.458
promecefpluginhost  9572   8  19  622  62968     0:00:00.500     0:48:01.683
wps               19160   8  16  323  23848     0:00:00.281     0:47:58.591
RuntimeBroker     21280   8   2  320   3772     0:00:02.296     0:46:46.558
SogouImeBroker    16128   8   5  385   7352     0:00:00.281     0:39:26.599
dllhost            7180   8   7  240   3596     0:00:00.250     0:39:24.759
ShellExperienceHost 19524   8  12  484  10660     0:00:00.437     0:35:27.786
svchost            8968   8   6  179   2576     0:00:00.093     0:28:42.779
cmd               14712   8   2   80   3552     0:00:00.171     0:23:07.123
conhost           16544   8   7  464  18024     0:00:14.359     0:23:06.932
wpspdf            26228   8  36 1402 163960     0:00:04.609     0:19:25.539
SearchProtocolHost 15040   4   6  274   1936     0:00:00.031     0:12:12.355
smartscreen       12528   8  10  405   8296     0:00:00.156     0:10:55.342
svchost           10732   8   4  127   3188     0:00:00.046     0:01:48.502
SearchFilterHost   9100   4   4  136   1412     0:00:00.000     0:01:41.669
WmiPrvSE          22040   8   9  176   2496     0:00:00.046     0:00:59.466
TrustedInstaller    500   8   6  130   1928     0:00:00.031     0:00:59.316
TiWorker          19248   8   7  174   3800     0:00:00.218     0:00:59.279
pslist            25064  13   4  260   3396     0:00:00.562     0:00:00.485
